// Jest Snapshot v1, https://goo.gl/fbAQLP

exports[`032 1`] = `
Array [
  Object {
    "deprecations": Array [],
    "errored": true,
    "ignored": undefined,
    "invalidOptionWarnings": Array [],
    "parseErrors": Array [],
    "source": "032/stylesheet.css",
    "warnings": Array [
      Object {
        "column": 461,
        "line": 4,
        "rule": "max-line-length",
        "severity": "error",
        "text": "Expected line length to be no more than 80 characters (max-line-length)",
      },
      Object {
        "column": 254,
        "line": 10,
        "rule": "max-line-length",
        "severity": "error",
        "text": "Expected line length to be no more than 80 characters (max-line-length)",
      },
      Object {
        "column": 86,
        "line": 14,
        "rule": "max-line-length",
        "severity": "error",
        "text": "Expected line length to be no more than 80 characters (max-line-length)",
      },
      Object {
        "column": 81,
        "line": 16,
        "rule": "max-line-length",
        "severity": "error",
        "text": "Expected line length to be no more than 80 characters (max-line-length)",
      },
    ],
  },
]
`;
