// Jest Snapshot v1, https://goo.gl/fbAQLP

exports[`029 1`] = `
Array [
  Object {
    "deprecations": Array [],
    "errored": true,
    "ignored": undefined,
    "invalidOptionWarnings": Array [],
    "parseErrors": Array [],
    "source": "029/stylesheet.css",
    "warnings": Array [
      Object {
        "column": 1,
        "line": 57,
        "rule": "comment-empty-line-before",
        "severity": "error",
        "text": "Expected empty line before comment (comment-empty-line-before)",
      },
      Object {
        "column": 1,
        "line": 71,
        "rule": "comment-empty-line-before",
        "severity": "error",
        "text": "Expected empty line before comment (comment-empty-line-before)",
      },
      Object {
        "column": 1,
        "line": 539,
        "rule": "comment-empty-line-before",
        "severity": "error",
        "text": "Expected empty line before comment (comment-empty-line-before)",
      },
      Object {
        "column": 1,
        "line": 827,
        "rule": "comment-empty-line-before",
        "severity": "error",
        "text": "Expected empty line before comment (comment-empty-line-before)",
      },
      Object {
        "column": 1,
        "line": 1100,
        "rule": "comment-empty-line-before",
        "severity": "error",
        "text": "Expected empty line before comment (comment-empty-line-before)",
      },
      Object {
        "column": 1,
        "line": 1107,
        "rule": "comment-empty-line-before",
        "severity": "error",
        "text": "Expected empty line before comment (comment-empty-line-before)",
      },
      Object {
        "column": 2,
        "line": 1327,
        "rule": "comment-empty-line-before",
        "severity": "error",
        "text": "Expected empty line before comment (comment-empty-line-before)",
      },
      Object {
        "column": 1,
        "line": 1767,
        "rule": "comment-empty-line-before",
        "severity": "error",
        "text": "Expected empty line before comment (comment-empty-line-before)",
      },
      Object {
        "column": 2,
        "line": 102,
        "rule": "rule-empty-line-before",
        "severity": "error",
        "text": "Expected empty line before rule (rule-empty-line-before)",
      },
      Object {
        "column": 2,
        "line": 107,
        "rule": "rule-empty-line-before",
        "severity": "error",
        "text": "Expected empty line before rule (rule-empty-line-before)",
      },
      Object {
        "column": 2,
        "line": 113,
        "rule": "rule-empty-line-before",
        "severity": "error",
        "text": "Expected empty line before rule (rule-empty-line-before)",
      },
      Object {
        "column": 2,
        "line": 118,
        "rule": "rule-empty-line-before",
        "severity": "error",
        "text": "Expected empty line before rule (rule-empty-line-before)",
      },
      Object {
        "column": 2,
        "line": 121,
        "rule": "rule-empty-line-before",
        "severity": "error",
        "text": "Expected empty line before rule (rule-empty-line-before)",
      },
      Object {
        "column": 2,
        "line": 127,
        "rule": "rule-empty-line-before",
        "severity": "error",
        "text": "Expected empty line before rule (rule-empty-line-before)",
      },
      Object {
        "column": 2,
        "line": 142,
        "rule": "rule-empty-line-before",
        "severity": "error",
        "text": "Expected empty line before rule (rule-empty-line-before)",
      },
      Object {
        "column": 2,
        "line": 148,
        "rule": "rule-empty-line-before",
        "severity": "error",
        "text": "Expected empty line before rule (rule-empty-line-before)",
      },
      Object {
        "column": 2,
        "line": 154,
        "rule": "rule-empty-line-before",
        "severity": "error",
        "text": "Expected empty line before rule (rule-empty-line-before)",
      },
      Object {
        "column": 2,
        "line": 180,
        "rule": "rule-empty-line-before",
        "severity": "error",
        "text": "Expected empty line before rule (rule-empty-line-before)",
      },
      Object {
        "column": 2,
        "line": 215,
        "rule": "rule-empty-line-before",
        "severity": "error",
        "text": "Expected empty line before rule (rule-empty-line-before)",
      },
      Object {
        "column": 2,
        "line": 225,
        "rule": "rule-empty-line-before",
        "severity": "error",
        "text": "Expected empty line before rule (rule-empty-line-before)",
      },
      Object {
        "column": 2,
        "line": 229,
        "rule": "rule-empty-line-before",
        "severity": "error",
        "text": "Expected empty line before rule (rule-empty-line-before)",
      },
      Object {
        "column": 2,
        "line": 235,
        "rule": "rule-empty-line-before",
        "severity": "error",
        "text": "Expected empty line before rule (rule-empty-line-before)",
      },
      Object {
        "column": 2,
        "line": 240,
        "rule": "rule-empty-line-before",
        "severity": "error",
        "text": "Expected empty line before rule (rule-empty-line-before)",
      },
      Object {
        "column": 2,
        "line": 244,
        "rule": "rule-empty-line-before",
        "severity": "error",
        "text": "Expected empty line before rule (rule-empty-line-before)",
      },
      Object {
        "column": 2,
        "line": 250,
        "rule": "rule-empty-line-before",
        "severity": "error",
        "text": "Expected empty line before rule (rule-empty-line-before)",
      },
      Object {
        "column": 2,
        "line": 256,
        "rule": "rule-empty-line-before",
        "severity": "error",
        "text": "Expected empty line before rule (rule-empty-line-before)",
      },
      Object {
        "column": 2,
        "line": 259,
        "rule": "rule-empty-line-before",
        "severity": "error",
        "text": "Expected empty line before rule (rule-empty-line-before)",
      },
      Object {
        "column": 2,
        "line": 265,
        "rule": "rule-empty-line-before",
        "severity": "error",
        "text": "Expected empty line before rule (rule-empty-line-before)",
      },
      Object {
        "column": 2,
        "line": 270,
        "rule": "rule-empty-line-before",
        "severity": "error",
        "text": "Expected empty line before rule (rule-empty-line-before)",
      },
      Object {
        "column": 2,
        "line": 273,
        "rule": "rule-empty-line-before",
        "severity": "error",
        "text": "Expected empty line before rule (rule-empty-line-before)",
      },
      Object {
        "column": 2,
        "line": 280,
        "rule": "rule-empty-line-before",
        "severity": "error",
        "text": "Expected empty line before rule (rule-empty-line-before)",
      },
      Object {
        "column": 2,
        "line": 284,
        "rule": "rule-empty-line-before",
        "severity": "error",
        "text": "Expected empty line before rule (rule-empty-line-before)",
      },
      Object {
        "column": 2,
        "line": 295,
        "rule": "rule-empty-line-before",
        "severity": "error",
        "text": "Expected empty line before rule (rule-empty-line-before)",
      },
      Object {
        "column": 2,
        "line": 301,
        "rule": "rule-empty-line-before",
        "severity": "error",
        "text": "Expected empty line before rule (rule-empty-line-before)",
      },
      Object {
        "column": 2,
        "line": 378,
        "rule": "rule-empty-line-before",
        "severity": "error",
        "text": "Expected empty line before rule (rule-empty-line-before)",
      },
      Object {
        "column": 2,
        "line": 394,
        "rule": "rule-empty-line-before",
        "severity": "error",
        "text": "Expected empty line before rule (rule-empty-line-before)",
      },
      Object {
        "column": 2,
        "line": 406,
        "rule": "rule-empty-line-before",
        "severity": "error",
        "text": "Expected empty line before rule (rule-empty-line-before)",
      },
      Object {
        "column": 2,
        "line": 416,
        "rule": "rule-empty-line-before",
        "severity": "error",
        "text": "Expected empty line before rule (rule-empty-line-before)",
      },
      Object {
        "column": 2,
        "line": 439,
        "rule": "rule-empty-line-before",
        "severity": "error",
        "text": "Expected empty line before rule (rule-empty-line-before)",
      },
      Object {
        "column": 2,
        "line": 461,
        "rule": "rule-empty-line-before",
        "severity": "error",
        "text": "Expected empty line before rule (rule-empty-line-before)",
      },
      Object {
        "column": 2,
        "line": 468,
        "rule": "rule-empty-line-before",
        "severity": "error",
        "text": "Expected empty line before rule (rule-empty-line-before)",
      },
      Object {
        "column": 2,
        "line": 473,
        "rule": "rule-empty-line-before",
        "severity": "error",
        "text": "Expected empty line before rule (rule-empty-line-before)",
      },
      Object {
        "column": 2,
        "line": 479,
        "rule": "rule-empty-line-before",
        "severity": "error",
        "text": "Expected empty line before rule (rule-empty-line-before)",
      },
      Object {
        "column": 2,
        "line": 497,
        "rule": "rule-empty-line-before",
        "severity": "error",
        "text": "Expected empty line before rule (rule-empty-line-before)",
      },
      Object {
        "column": 2,
        "line": 516,
        "rule": "rule-empty-line-before",
        "severity": "error",
        "text": "Expected empty line before rule (rule-empty-line-before)",
      },
      Object {
        "column": 2,
        "line": 523,
        "rule": "rule-empty-line-before",
        "severity": "error",
        "text": "Expected empty line before rule (rule-empty-line-before)",
      },
      Object {
        "column": 2,
        "line": 549,
        "rule": "rule-empty-line-before",
        "severity": "error",
        "text": "Expected empty line before rule (rule-empty-line-before)",
      },
      Object {
        "column": 2,
        "line": 575,
        "rule": "rule-empty-line-before",
        "severity": "error",
        "text": "Expected empty line before rule (rule-empty-line-before)",
      },
      Object {
        "column": 2,
        "line": 578,
        "rule": "rule-empty-line-before",
        "severity": "error",
        "text": "Expected empty line before rule (rule-empty-line-before)",
      },
      Object {
        "column": 2,
        "line": 581,
        "rule": "rule-empty-line-before",
        "severity": "error",
        "text": "Expected empty line before rule (rule-empty-line-before)",
      },
      Object {
        "column": 2,
        "line": 636,
        "rule": "rule-empty-line-before",
        "severity": "error",
        "text": "Expected empty line before rule (rule-empty-line-before)",
      },
      Object {
        "column": 2,
        "line": 641,
        "rule": "rule-empty-line-before",
        "severity": "error",
        "text": "Expected empty line before rule (rule-empty-line-before)",
      },
      Object {
        "column": 2,
        "line": 644,
        "rule": "rule-empty-line-before",
        "severity": "error",
        "text": "Expected empty line before rule (rule-empty-line-before)",
      },
      Object {
        "column": 2,
        "line": 648,
        "rule": "rule-empty-line-before",
        "severity": "error",
        "text": "Expected empty line before rule (rule-empty-line-before)",
      },
      Object {
        "column": 2,
        "line": 652,
        "rule": "rule-empty-line-before",
        "severity": "error",
        "text": "Expected empty line before rule (rule-empty-line-before)",
      },
      Object {
        "column": 2,
        "line": 702,
        "rule": "rule-empty-line-before",
        "severity": "error",
        "text": "Expected empty line before rule (rule-empty-line-before)",
      },
      Object {
        "column": 2,
        "line": 735,
        "rule": "rule-empty-line-before",
        "severity": "error",
        "text": "Expected empty line before rule (rule-empty-line-before)",
      },
      Object {
        "column": 2,
        "line": 813,
        "rule": "rule-empty-line-before",
        "severity": "error",
        "text": "Expected empty line before rule (rule-empty-line-before)",
      },
      Object {
        "column": 2,
        "line": 817,
        "rule": "rule-empty-line-before",
        "severity": "error",
        "text": "Expected empty line before rule (rule-empty-line-before)",
      },
      Object {
        "column": 2,
        "line": 840,
        "rule": "rule-empty-line-before",
        "severity": "error",
        "text": "Expected empty line before rule (rule-empty-line-before)",
      },
      Object {
        "column": 2,
        "line": 848,
        "rule": "rule-empty-line-before",
        "severity": "error",
        "text": "Expected empty line before rule (rule-empty-line-before)",
      },
      Object {
        "column": 2,
        "line": 851,
        "rule": "rule-empty-line-before",
        "severity": "error",
        "text": "Expected empty line before rule (rule-empty-line-before)",
      },
      Object {
        "column": 2,
        "line": 883,
        "rule": "rule-empty-line-before",
        "severity": "error",
        "text": "Expected empty line before rule (rule-empty-line-before)",
      },
      Object {
        "column": 2,
        "line": 892,
        "rule": "rule-empty-line-before",
        "severity": "error",
        "text": "Expected empty line before rule (rule-empty-line-before)",
      },
      Object {
        "column": 2,
        "line": 899,
        "rule": "rule-empty-line-before",
        "severity": "error",
        "text": "Expected empty line before rule (rule-empty-line-before)",
      },
      Object {
        "column": 2,
        "line": 903,
        "rule": "rule-empty-line-before",
        "severity": "error",
        "text": "Expected empty line before rule (rule-empty-line-before)",
      },
      Object {
        "column": 2,
        "line": 907,
        "rule": "rule-empty-line-before",
        "severity": "error",
        "text": "Expected empty line before rule (rule-empty-line-before)",
      },
      Object {
        "column": 2,
        "line": 914,
        "rule": "rule-empty-line-before",
        "severity": "error",
        "text": "Expected empty line before rule (rule-empty-line-before)",
      },
      Object {
        "column": 2,
        "line": 929,
        "rule": "rule-empty-line-before",
        "severity": "error",
        "text": "Expected empty line before rule (rule-empty-line-before)",
      },
      Object {
        "column": 2,
        "line": 935,
        "rule": "rule-empty-line-before",
        "severity": "error",
        "text": "Expected empty line before rule (rule-empty-line-before)",
      },
      Object {
        "column": 2,
        "line": 939,
        "rule": "rule-empty-line-before",
        "severity": "error",
        "text": "Expected empty line before rule (rule-empty-line-before)",
      },
      Object {
        "column": 2,
        "line": 943,
        "rule": "rule-empty-line-before",
        "severity": "error",
        "text": "Expected empty line before rule (rule-empty-line-before)",
      },
      Object {
        "column": 2,
        "line": 946,
        "rule": "rule-empty-line-before",
        "severity": "error",
        "text": "Expected empty line before rule (rule-empty-line-before)",
      },
      Object {
        "column": 2,
        "line": 950,
        "rule": "rule-empty-line-before",
        "severity": "error",
        "text": "Expected empty line before rule (rule-empty-line-before)",
      },
      Object {
        "column": 2,
        "line": 953,
        "rule": "rule-empty-line-before",
        "severity": "error",
        "text": "Expected empty line before rule (rule-empty-line-before)",
      },
      Object {
        "column": 2,
        "line": 956,
        "rule": "rule-empty-line-before",
        "severity": "error",
        "text": "Expected empty line before rule (rule-empty-line-before)",
      },
      Object {
        "column": 2,
        "line": 978,
        "rule": "rule-empty-line-before",
        "severity": "error",
        "text": "Expected empty line before rule (rule-empty-line-before)",
      },
      Object {
        "column": 2,
        "line": 988,
        "rule": "rule-empty-line-before",
        "severity": "error",
        "text": "Expected empty line before rule (rule-empty-line-before)",
      },
      Object {
        "column": 2,
        "line": 1010,
        "rule": "rule-empty-line-before",
        "severity": "error",
        "text": "Expected empty line before rule (rule-empty-line-before)",
      },
      Object {
        "column": 2,
        "line": 1014,
        "rule": "rule-empty-line-before",
        "severity": "error",
        "text": "Expected empty line before rule (rule-empty-line-before)",
      },
      Object {
        "column": 2,
        "line": 1018,
        "rule": "rule-empty-line-before",
        "severity": "error",
        "text": "Expected empty line before rule (rule-empty-line-before)",
      },
      Object {
        "column": 2,
        "line": 1025,
        "rule": "rule-empty-line-before",
        "severity": "error",
        "text": "Expected empty line before rule (rule-empty-line-before)",
      },
      Object {
        "column": 2,
        "line": 1035,
        "rule": "rule-empty-line-before",
        "severity": "error",
        "text": "Expected empty line before rule (rule-empty-line-before)",
      },
      Object {
        "column": 2,
        "line": 1042,
        "rule": "rule-empty-line-before",
        "severity": "error",
        "text": "Expected empty line before rule (rule-empty-line-before)",
      },
      Object {
        "column": 2,
        "line": 1050,
        "rule": "rule-empty-line-before",
        "severity": "error",
        "text": "Expected empty line before rule (rule-empty-line-before)",
      },
      Object {
        "column": 2,
        "line": 1082,
        "rule": "rule-empty-line-before",
        "severity": "error",
        "text": "Expected empty line before rule (rule-empty-line-before)",
      },
      Object {
        "column": 2,
        "line": 1085,
        "rule": "rule-empty-line-before",
        "severity": "error",
        "text": "Expected empty line before rule (rule-empty-line-before)",
      },
      Object {
        "column": 2,
        "line": 1088,
        "rule": "rule-empty-line-before",
        "severity": "error",
        "text": "Expected empty line before rule (rule-empty-line-before)",
      },
      Object {
        "column": 2,
        "line": 1181,
        "rule": "rule-empty-line-before",
        "severity": "error",
        "text": "Expected empty line before rule (rule-empty-line-before)",
      },
      Object {
        "column": 2,
        "line": 1200,
        "rule": "rule-empty-line-before",
        "severity": "error",
        "text": "Expected empty line before rule (rule-empty-line-before)",
      },
      Object {
        "column": 2,
        "line": 1212,
        "rule": "rule-empty-line-before",
        "severity": "error",
        "text": "Expected empty line before rule (rule-empty-line-before)",
      },
      Object {
        "column": 2,
        "line": 1216,
        "rule": "rule-empty-line-before",
        "severity": "error",
        "text": "Expected empty line before rule (rule-empty-line-before)",
      },
      Object {
        "column": 2,
        "line": 1248,
        "rule": "rule-empty-line-before",
        "severity": "error",
        "text": "Expected empty line before rule (rule-empty-line-before)",
      },
      Object {
        "column": 2,
        "line": 1252,
        "rule": "rule-empty-line-before",
        "severity": "error",
        "text": "Expected empty line before rule (rule-empty-line-before)",
      },
      Object {
        "column": 2,
        "line": 1269,
        "rule": "rule-empty-line-before",
        "severity": "error",
        "text": "Expected empty line before rule (rule-empty-line-before)",
      },
      Object {
        "column": 2,
        "line": 1293,
        "rule": "rule-empty-line-before",
        "severity": "error",
        "text": "Expected empty line before rule (rule-empty-line-before)",
      },
      Object {
        "column": 2,
        "line": 1309,
        "rule": "rule-empty-line-before",
        "severity": "error",
        "text": "Expected empty line before rule (rule-empty-line-before)",
      },
      Object {
        "column": 2,
        "line": 1414,
        "rule": "rule-empty-line-before",
        "severity": "error",
        "text": "Expected empty line before rule (rule-empty-line-before)",
      },
      Object {
        "column": 2,
        "line": 1459,
        "rule": "rule-empty-line-before",
        "severity": "error",
        "text": "Expected empty line before rule (rule-empty-line-before)",
      },
      Object {
        "column": 2,
        "line": 1506,
        "rule": "rule-empty-line-before",
        "severity": "error",
        "text": "Expected empty line before rule (rule-empty-line-before)",
      },
      Object {
        "column": 2,
        "line": 1532,
        "rule": "rule-empty-line-before",
        "severity": "error",
        "text": "Expected empty line before rule (rule-empty-line-before)",
      },
      Object {
        "column": 2,
        "line": 1573,
        "rule": "rule-empty-line-before",
        "severity": "error",
        "text": "Expected empty line before rule (rule-empty-line-before)",
      },
      Object {
        "column": 2,
        "line": 1747,
        "rule": "rule-empty-line-before",
        "severity": "error",
        "text": "Expected empty line before rule (rule-empty-line-before)",
      },
      Object {
        "column": 2,
        "line": 1868,
        "rule": "rule-empty-line-before",
        "severity": "error",
        "text": "Expected empty line before rule (rule-empty-line-before)",
      },
      Object {
        "column": 2,
        "line": 1874,
        "rule": "rule-empty-line-before",
        "severity": "error",
        "text": "Expected empty line before rule (rule-empty-line-before)",
      },
      Object {
        "column": 2,
        "line": 1888,
        "rule": "rule-empty-line-before",
        "severity": "error",
        "text": "Expected empty line before rule (rule-empty-line-before)",
      },
      Object {
        "column": 2,
        "line": 1893,
        "rule": "rule-empty-line-before",
        "severity": "error",
        "text": "Expected empty line before rule (rule-empty-line-before)",
      },
      Object {
        "column": 2,
        "line": 1927,
        "rule": "rule-empty-line-before",
        "severity": "error",
        "text": "Expected empty line before rule (rule-empty-line-before)",
      },
      Object {
        "column": 45,
        "line": 89,
        "rule": "selector-list-comma-newline-after",
        "severity": "error",
        "text": "Expected newline after \\",\\" (selector-list-comma-newline-after)",
      },
      Object {
        "column": 47,
        "line": 118,
        "rule": "selector-list-comma-newline-after",
        "severity": "error",
        "text": "Expected newline after \\",\\" (selector-list-comma-newline-after)",
      },
      Object {
        "column": 43,
        "line": 121,
        "rule": "selector-list-comma-newline-after",
        "severity": "error",
        "text": "Expected newline after \\",\\" (selector-list-comma-newline-after)",
      },
      Object {
        "column": 52,
        "line": 148,
        "rule": "selector-list-comma-newline-after",
        "severity": "error",
        "text": "Expected newline after \\",\\" (selector-list-comma-newline-after)",
      },
      Object {
        "column": 34,
        "line": 316,
        "rule": "selector-list-comma-newline-after",
        "severity": "error",
        "text": "Expected newline after \\",\\" (selector-list-comma-newline-after)",
      },
      Object {
        "column": 46,
        "line": 714,
        "rule": "selector-list-comma-newline-after",
        "severity": "error",
        "text": "Expected newline after \\",\\" (selector-list-comma-newline-after)",
      },
      Object {
        "column": 80,
        "line": 803,
        "rule": "selector-list-comma-newline-after",
        "severity": "error",
        "text": "Expected newline after \\",\\" (selector-list-comma-newline-after)",
      },
      Object {
        "column": 81,
        "line": 1315,
        "rule": "selector-list-comma-newline-after",
        "severity": "error",
        "text": "Expected newline after \\",\\" (selector-list-comma-newline-after)",
      },
      Object {
        "column": 88,
        "line": 1398,
        "rule": "selector-list-comma-newline-after",
        "severity": "error",
        "text": "Expected newline after \\",\\" (selector-list-comma-newline-after)",
      },
      Object {
        "column": 61,
        "line": 1626,
        "rule": "selector-list-comma-newline-after",
        "severity": "error",
        "text": "Expected newline after \\",\\" (selector-list-comma-newline-after)",
      },
      Object {
        "column": 30,
        "line": 1713,
        "rule": "selector-list-comma-newline-after",
        "severity": "error",
        "text": "Expected newline after \\",\\" (selector-list-comma-newline-after)",
      },
      Object {
        "column": 2,
        "line": 174,
        "rule": "shorthand-property-no-redundant-values",
        "severity": "error",
        "text": "Unexpected longhand value '5px 0 5px' instead of '5px 0' (shorthand-property-no-redundant-values)",
      },
      Object {
        "column": 3,
        "line": 526,
        "rule": "shorthand-property-no-redundant-values",
        "severity": "error",
        "text": "Unexpected longhand value '0 0 10px 0' instead of '0 0 10px' (shorthand-property-no-redundant-values)",
      },
      Object {
        "column": 2,
        "line": 1473,
        "rule": "shorthand-property-no-redundant-values",
        "severity": "error",
        "text": "Unexpected longhand value '10px 0 0 0' instead of '10px 0 0' (shorthand-property-no-redundant-values)",
      },
    ],
  },
]
`;
