// Jest Snapshot v1, https://goo.gl/fbAQLP

exports[`025 1`] = `
Array [
  Object {
    "deprecations": Array [],
    "errored": true,
    "ignored": undefined,
    "invalidOptionWarnings": Array [],
    "parseErrors": Array [],
    "source": "025/stylesheet.css",
    "warnings": Array [
      Object {
        "column": 1,
        "line": 56,
        "rule": "comment-empty-line-before",
        "severity": "error",
        "text": "Expected empty line before comment (comment-empty-line-before)",
      },
      Object {
        "column": 1,
        "line": 292,
        "rule": "comment-empty-line-before",
        "severity": "error",
        "text": "Expected empty line before comment (comment-empty-line-before)",
      },
      Object {
        "column": 1,
        "line": 692,
        "rule": "comment-empty-line-before",
        "severity": "error",
        "text": "Expected empty line before comment (comment-empty-line-before)",
      },
      Object {
        "column": 1,
        "line": 966,
        "rule": "comment-empty-line-before",
        "severity": "error",
        "text": "Expected empty line before comment (comment-empty-line-before)",
      },
      Object {
        "column": 1,
        "line": 1000,
        "rule": "comment-empty-line-before",
        "severity": "error",
        "text": "Expected empty line before comment (comment-empty-line-before)",
      },
      Object {
        "column": 1,
        "line": 1221,
        "rule": "comment-empty-line-before",
        "severity": "error",
        "text": "Expected empty line before comment (comment-empty-line-before)",
      },
      Object {
        "column": 2,
        "line": 1459,
        "rule": "comment-empty-line-before",
        "severity": "error",
        "text": "Expected empty line before comment (comment-empty-line-before)",
      },
      Object {
        "column": 2,
        "line": 85,
        "rule": "rule-empty-line-before",
        "severity": "error",
        "text": "Expected empty line before rule (rule-empty-line-before)",
      },
      Object {
        "column": 2,
        "line": 91,
        "rule": "rule-empty-line-before",
        "severity": "error",
        "text": "Expected empty line before rule (rule-empty-line-before)",
      },
      Object {
        "column": 2,
        "line": 97,
        "rule": "rule-empty-line-before",
        "severity": "error",
        "text": "Expected empty line before rule (rule-empty-line-before)",
      },
      Object {
        "column": 2,
        "line": 106,
        "rule": "rule-empty-line-before",
        "severity": "error",
        "text": "Expected empty line before rule (rule-empty-line-before)",
      },
      Object {
        "column": 2,
        "line": 109,
        "rule": "rule-empty-line-before",
        "severity": "error",
        "text": "Expected empty line before rule (rule-empty-line-before)",
      },
      Object {
        "column": 2,
        "line": 112,
        "rule": "rule-empty-line-before",
        "severity": "error",
        "text": "Expected empty line before rule (rule-empty-line-before)",
      },
      Object {
        "column": 2,
        "line": 117,
        "rule": "rule-empty-line-before",
        "severity": "error",
        "text": "Expected empty line before rule (rule-empty-line-before)",
      },
      Object {
        "column": 2,
        "line": 124,
        "rule": "rule-empty-line-before",
        "severity": "error",
        "text": "Expected empty line before rule (rule-empty-line-before)",
      },
      Object {
        "column": 2,
        "line": 324,
        "rule": "rule-empty-line-before",
        "severity": "error",
        "text": "Expected empty line before rule (rule-empty-line-before)",
      },
      Object {
        "column": 2,
        "line": 330,
        "rule": "rule-empty-line-before",
        "severity": "error",
        "text": "Expected empty line before rule (rule-empty-line-before)",
      },
      Object {
        "column": 2,
        "line": 336,
        "rule": "rule-empty-line-before",
        "severity": "error",
        "text": "Expected empty line before rule (rule-empty-line-before)",
      },
      Object {
        "column": 2,
        "line": 381,
        "rule": "rule-empty-line-before",
        "severity": "error",
        "text": "Expected empty line before rule (rule-empty-line-before)",
      },
      Object {
        "column": 2,
        "line": 388,
        "rule": "rule-empty-line-before",
        "severity": "error",
        "text": "Expected empty line before rule (rule-empty-line-before)",
      },
      Object {
        "column": 2,
        "line": 394,
        "rule": "rule-empty-line-before",
        "severity": "error",
        "text": "Expected empty line before rule (rule-empty-line-before)",
      },
      Object {
        "column": 2,
        "line": 399,
        "rule": "rule-empty-line-before",
        "severity": "error",
        "text": "Expected empty line before rule (rule-empty-line-before)",
      },
      Object {
        "column": 2,
        "line": 403,
        "rule": "rule-empty-line-before",
        "severity": "error",
        "text": "Expected empty line before rule (rule-empty-line-before)",
      },
      Object {
        "column": 2,
        "line": 409,
        "rule": "rule-empty-line-before",
        "severity": "error",
        "text": "Expected empty line before rule (rule-empty-line-before)",
      },
      Object {
        "column": 2,
        "line": 415,
        "rule": "rule-empty-line-before",
        "severity": "error",
        "text": "Expected empty line before rule (rule-empty-line-before)",
      },
      Object {
        "column": 2,
        "line": 418,
        "rule": "rule-empty-line-before",
        "severity": "error",
        "text": "Expected empty line before rule (rule-empty-line-before)",
      },
      Object {
        "column": 2,
        "line": 424,
        "rule": "rule-empty-line-before",
        "severity": "error",
        "text": "Expected empty line before rule (rule-empty-line-before)",
      },
      Object {
        "column": 2,
        "line": 429,
        "rule": "rule-empty-line-before",
        "severity": "error",
        "text": "Expected empty line before rule (rule-empty-line-before)",
      },
      Object {
        "column": 2,
        "line": 432,
        "rule": "rule-empty-line-before",
        "severity": "error",
        "text": "Expected empty line before rule (rule-empty-line-before)",
      },
      Object {
        "column": 2,
        "line": 439,
        "rule": "rule-empty-line-before",
        "severity": "error",
        "text": "Expected empty line before rule (rule-empty-line-before)",
      },
      Object {
        "column": 2,
        "line": 443,
        "rule": "rule-empty-line-before",
        "severity": "error",
        "text": "Expected empty line before rule (rule-empty-line-before)",
      },
      Object {
        "column": 2,
        "line": 454,
        "rule": "rule-empty-line-before",
        "severity": "error",
        "text": "Expected empty line before rule (rule-empty-line-before)",
      },
      Object {
        "column": 2,
        "line": 460,
        "rule": "rule-empty-line-before",
        "severity": "error",
        "text": "Expected empty line before rule (rule-empty-line-before)",
      },
      Object {
        "column": 2,
        "line": 549,
        "rule": "rule-empty-line-before",
        "severity": "error",
        "text": "Expected empty line before rule (rule-empty-line-before)",
      },
      Object {
        "column": 2,
        "line": 565,
        "rule": "rule-empty-line-before",
        "severity": "error",
        "text": "Expected empty line before rule (rule-empty-line-before)",
      },
      Object {
        "column": 2,
        "line": 576,
        "rule": "rule-empty-line-before",
        "severity": "error",
        "text": "Expected empty line before rule (rule-empty-line-before)",
      },
      Object {
        "column": 2,
        "line": 599,
        "rule": "rule-empty-line-before",
        "severity": "error",
        "text": "Expected empty line before rule (rule-empty-line-before)",
      },
      Object {
        "column": 2,
        "line": 613,
        "rule": "rule-empty-line-before",
        "severity": "error",
        "text": "Expected empty line before rule (rule-empty-line-before)",
      },
      Object {
        "column": 2,
        "line": 620,
        "rule": "rule-empty-line-before",
        "severity": "error",
        "text": "Expected empty line before rule (rule-empty-line-before)",
      },
      Object {
        "column": 2,
        "line": 625,
        "rule": "rule-empty-line-before",
        "severity": "error",
        "text": "Expected empty line before rule (rule-empty-line-before)",
      },
      Object {
        "column": 2,
        "line": 631,
        "rule": "rule-empty-line-before",
        "severity": "error",
        "text": "Expected empty line before rule (rule-empty-line-before)",
      },
      Object {
        "column": 2,
        "line": 649,
        "rule": "rule-empty-line-before",
        "severity": "error",
        "text": "Expected empty line before rule (rule-empty-line-before)",
      },
      Object {
        "column": 2,
        "line": 669,
        "rule": "rule-empty-line-before",
        "severity": "error",
        "text": "Expected empty line before rule (rule-empty-line-before)",
      },
      Object {
        "column": 2,
        "line": 676,
        "rule": "rule-empty-line-before",
        "severity": "error",
        "text": "Expected empty line before rule (rule-empty-line-before)",
      },
      Object {
        "column": 2,
        "line": 702,
        "rule": "rule-empty-line-before",
        "severity": "error",
        "text": "Expected empty line before rule (rule-empty-line-before)",
      },
      Object {
        "column": 2,
        "line": 728,
        "rule": "rule-empty-line-before",
        "severity": "error",
        "text": "Expected empty line before rule (rule-empty-line-before)",
      },
      Object {
        "column": 2,
        "line": 731,
        "rule": "rule-empty-line-before",
        "severity": "error",
        "text": "Expected empty line before rule (rule-empty-line-before)",
      },
      Object {
        "column": 2,
        "line": 781,
        "rule": "rule-empty-line-before",
        "severity": "error",
        "text": "Expected empty line before rule (rule-empty-line-before)",
      },
      Object {
        "column": 2,
        "line": 786,
        "rule": "rule-empty-line-before",
        "severity": "error",
        "text": "Expected empty line before rule (rule-empty-line-before)",
      },
      Object {
        "column": 2,
        "line": 789,
        "rule": "rule-empty-line-before",
        "severity": "error",
        "text": "Expected empty line before rule (rule-empty-line-before)",
      },
      Object {
        "column": 2,
        "line": 793,
        "rule": "rule-empty-line-before",
        "severity": "error",
        "text": "Expected empty line before rule (rule-empty-line-before)",
      },
      Object {
        "column": 2,
        "line": 837,
        "rule": "rule-empty-line-before",
        "severity": "error",
        "text": "Expected empty line before rule (rule-empty-line-before)",
      },
      Object {
        "column": 2,
        "line": 875,
        "rule": "rule-empty-line-before",
        "severity": "error",
        "text": "Expected empty line before rule (rule-empty-line-before)",
      },
      Object {
        "column": 2,
        "line": 896,
        "rule": "rule-empty-line-before",
        "severity": "error",
        "text": "Expected empty line before rule (rule-empty-line-before)",
      },
      Object {
        "column": 2,
        "line": 946,
        "rule": "rule-empty-line-before",
        "severity": "error",
        "text": "Expected empty line before rule (rule-empty-line-before)",
      },
      Object {
        "column": 2,
        "line": 950,
        "rule": "rule-empty-line-before",
        "severity": "error",
        "text": "Expected empty line before rule (rule-empty-line-before)",
      },
      Object {
        "column": 2,
        "line": 953,
        "rule": "rule-empty-line-before",
        "severity": "error",
        "text": "Expected empty line before rule (rule-empty-line-before)",
      },
      Object {
        "column": 2,
        "line": 979,
        "rule": "rule-empty-line-before",
        "severity": "error",
        "text": "Expected empty line before rule (rule-empty-line-before)",
      },
      Object {
        "column": 2,
        "line": 987,
        "rule": "rule-empty-line-before",
        "severity": "error",
        "text": "Expected empty line before rule (rule-empty-line-before)",
      },
      Object {
        "column": 2,
        "line": 990,
        "rule": "rule-empty-line-before",
        "severity": "error",
        "text": "Expected empty line before rule (rule-empty-line-before)",
      },
      Object {
        "column": 2,
        "line": 1006,
        "rule": "rule-empty-line-before",
        "severity": "error",
        "text": "Expected empty line before rule (rule-empty-line-before)",
      },
      Object {
        "column": 2,
        "line": 1010,
        "rule": "rule-empty-line-before",
        "severity": "error",
        "text": "Expected empty line before rule (rule-empty-line-before)",
      },
      Object {
        "column": 2,
        "line": 1022,
        "rule": "rule-empty-line-before",
        "severity": "error",
        "text": "Expected empty line before rule (rule-empty-line-before)",
      },
      Object {
        "column": 2,
        "line": 1042,
        "rule": "rule-empty-line-before",
        "severity": "error",
        "text": "Expected empty line before rule (rule-empty-line-before)",
      },
      Object {
        "column": 2,
        "line": 1049,
        "rule": "rule-empty-line-before",
        "severity": "error",
        "text": "Expected empty line before rule (rule-empty-line-before)",
      },
      Object {
        "column": 2,
        "line": 1058,
        "rule": "rule-empty-line-before",
        "severity": "error",
        "text": "Expected empty line before rule (rule-empty-line-before)",
      },
      Object {
        "column": 2,
        "line": 1066,
        "rule": "rule-empty-line-before",
        "severity": "error",
        "text": "Expected empty line before rule (rule-empty-line-before)",
      },
      Object {
        "column": 2,
        "line": 1070,
        "rule": "rule-empty-line-before",
        "severity": "error",
        "text": "Expected empty line before rule (rule-empty-line-before)",
      },
      Object {
        "column": 2,
        "line": 1074,
        "rule": "rule-empty-line-before",
        "severity": "error",
        "text": "Expected empty line before rule (rule-empty-line-before)",
      },
      Object {
        "column": 2,
        "line": 1088,
        "rule": "rule-empty-line-before",
        "severity": "error",
        "text": "Expected empty line before rule (rule-empty-line-before)",
      },
      Object {
        "column": 2,
        "line": 1094,
        "rule": "rule-empty-line-before",
        "severity": "error",
        "text": "Expected empty line before rule (rule-empty-line-before)",
      },
      Object {
        "column": 2,
        "line": 1098,
        "rule": "rule-empty-line-before",
        "severity": "error",
        "text": "Expected empty line before rule (rule-empty-line-before)",
      },
      Object {
        "column": 2,
        "line": 1102,
        "rule": "rule-empty-line-before",
        "severity": "error",
        "text": "Expected empty line before rule (rule-empty-line-before)",
      },
      Object {
        "column": 2,
        "line": 1106,
        "rule": "rule-empty-line-before",
        "severity": "error",
        "text": "Expected empty line before rule (rule-empty-line-before)",
      },
      Object {
        "column": 2,
        "line": 1109,
        "rule": "rule-empty-line-before",
        "severity": "error",
        "text": "Expected empty line before rule (rule-empty-line-before)",
      },
      Object {
        "column": 2,
        "line": 1112,
        "rule": "rule-empty-line-before",
        "severity": "error",
        "text": "Expected empty line before rule (rule-empty-line-before)",
      },
      Object {
        "column": 2,
        "line": 1128,
        "rule": "rule-empty-line-before",
        "severity": "error",
        "text": "Expected empty line before rule (rule-empty-line-before)",
      },
      Object {
        "column": 2,
        "line": 1138,
        "rule": "rule-empty-line-before",
        "severity": "error",
        "text": "Expected empty line before rule (rule-empty-line-before)",
      },
      Object {
        "column": 2,
        "line": 1155,
        "rule": "rule-empty-line-before",
        "severity": "error",
        "text": "Expected empty line before rule (rule-empty-line-before)",
      },
      Object {
        "column": 2,
        "line": 1162,
        "rule": "rule-empty-line-before",
        "severity": "error",
        "text": "Expected empty line before rule (rule-empty-line-before)",
      },
      Object {
        "column": 2,
        "line": 1166,
        "rule": "rule-empty-line-before",
        "severity": "error",
        "text": "Expected empty line before rule (rule-empty-line-before)",
      },
      Object {
        "column": 2,
        "line": 1169,
        "rule": "rule-empty-line-before",
        "severity": "error",
        "text": "Expected empty line before rule (rule-empty-line-before)",
      },
      Object {
        "column": 2,
        "line": 1173,
        "rule": "rule-empty-line-before",
        "severity": "error",
        "text": "Expected empty line before rule (rule-empty-line-before)",
      },
      Object {
        "column": 2,
        "line": 1202,
        "rule": "rule-empty-line-before",
        "severity": "error",
        "text": "Expected empty line before rule (rule-empty-line-before)",
      },
      Object {
        "column": 2,
        "line": 1206,
        "rule": "rule-empty-line-before",
        "severity": "error",
        "text": "Expected empty line before rule (rule-empty-line-before)",
      },
      Object {
        "column": 2,
        "line": 1209,
        "rule": "rule-empty-line-before",
        "severity": "error",
        "text": "Expected empty line before rule (rule-empty-line-before)",
      },
      Object {
        "column": 2,
        "line": 1307,
        "rule": "rule-empty-line-before",
        "severity": "error",
        "text": "Expected empty line before rule (rule-empty-line-before)",
      },
      Object {
        "column": 2,
        "line": 1326,
        "rule": "rule-empty-line-before",
        "severity": "error",
        "text": "Expected empty line before rule (rule-empty-line-before)",
      },
      Object {
        "column": 2,
        "line": 1338,
        "rule": "rule-empty-line-before",
        "severity": "error",
        "text": "Expected empty line before rule (rule-empty-line-before)",
      },
      Object {
        "column": 2,
        "line": 1342,
        "rule": "rule-empty-line-before",
        "severity": "error",
        "text": "Expected empty line before rule (rule-empty-line-before)",
      },
      Object {
        "column": 2,
        "line": 1378,
        "rule": "rule-empty-line-before",
        "severity": "error",
        "text": "Expected empty line before rule (rule-empty-line-before)",
      },
      Object {
        "column": 2,
        "line": 1382,
        "rule": "rule-empty-line-before",
        "severity": "error",
        "text": "Expected empty line before rule (rule-empty-line-before)",
      },
      Object {
        "column": 2,
        "line": 1389,
        "rule": "rule-empty-line-before",
        "severity": "error",
        "text": "Expected empty line before rule (rule-empty-line-before)",
      },
      Object {
        "column": 2,
        "line": 1393,
        "rule": "rule-empty-line-before",
        "severity": "error",
        "text": "Expected empty line before rule (rule-empty-line-before)",
      },
      Object {
        "column": 2,
        "line": 1410,
        "rule": "rule-empty-line-before",
        "severity": "error",
        "text": "Expected empty line before rule (rule-empty-line-before)",
      },
      Object {
        "column": 2,
        "line": 1542,
        "rule": "rule-empty-line-before",
        "severity": "error",
        "text": "Expected empty line before rule (rule-empty-line-before)",
      },
      Object {
        "column": 2,
        "line": 1583,
        "rule": "rule-empty-line-before",
        "severity": "error",
        "text": "Expected empty line before rule (rule-empty-line-before)",
      },
      Object {
        "column": 2,
        "line": 1638,
        "rule": "rule-empty-line-before",
        "severity": "error",
        "text": "Expected empty line before rule (rule-empty-line-before)",
      },
      Object {
        "column": 2,
        "line": 1666,
        "rule": "rule-empty-line-before",
        "severity": "error",
        "text": "Expected empty line before rule (rule-empty-line-before)",
      },
      Object {
        "column": 2,
        "line": 1707,
        "rule": "rule-empty-line-before",
        "severity": "error",
        "text": "Expected empty line before rule (rule-empty-line-before)",
      },
      Object {
        "column": 2,
        "line": 1867,
        "rule": "rule-empty-line-before",
        "severity": "error",
        "text": "Expected empty line before rule (rule-empty-line-before)",
      },
      Object {
        "column": 2,
        "line": 2017,
        "rule": "rule-empty-line-before",
        "severity": "error",
        "text": "Expected empty line before rule (rule-empty-line-before)",
      },
      Object {
        "column": 2,
        "line": 2026,
        "rule": "rule-empty-line-before",
        "severity": "error",
        "text": "Expected empty line before rule (rule-empty-line-before)",
      },
      Object {
        "column": 2,
        "line": 2032,
        "rule": "rule-empty-line-before",
        "severity": "error",
        "text": "Expected empty line before rule (rule-empty-line-before)",
      },
      Object {
        "column": 2,
        "line": 2095,
        "rule": "rule-empty-line-before",
        "severity": "error",
        "text": "Expected empty line before rule (rule-empty-line-before)",
      },
      Object {
        "column": 63,
        "line": 183,
        "rule": "selector-list-comma-newline-after",
        "severity": "error",
        "text": "Expected newline after \\",\\" (selector-list-comma-newline-after)",
      },
      Object {
        "column": 52,
        "line": 330,
        "rule": "selector-list-comma-newline-after",
        "severity": "error",
        "text": "Expected newline after \\",\\" (selector-list-comma-newline-after)",
      },
      Object {
        "column": 34,
        "line": 476,
        "rule": "selector-list-comma-newline-after",
        "severity": "error",
        "text": "Expected newline after \\",\\" (selector-list-comma-newline-after)",
      },
      Object {
        "column": 41,
        "line": 529,
        "rule": "selector-list-comma-newline-after",
        "severity": "error",
        "text": "Expected newline after \\",\\" (selector-list-comma-newline-after)",
      },
      Object {
        "column": 44,
        "line": 534,
        "rule": "selector-list-comma-newline-after",
        "severity": "error",
        "text": "Expected newline after \\",\\" (selector-list-comma-newline-after)",
      },
      Object {
        "column": 46,
        "line": 850,
        "rule": "selector-list-comma-newline-after",
        "severity": "error",
        "text": "Expected newline after \\",\\" (selector-list-comma-newline-after)",
      },
      Object {
        "column": 48,
        "line": 855,
        "rule": "selector-list-comma-newline-after",
        "severity": "error",
        "text": "Expected newline after \\",\\" (selector-list-comma-newline-after)",
      },
      Object {
        "column": 80,
        "line": 936,
        "rule": "selector-list-comma-newline-after",
        "severity": "error",
        "text": "Expected newline after \\",\\" (selector-list-comma-newline-after)",
      },
      Object {
        "column": 61,
        "line": 1756,
        "rule": "selector-list-comma-newline-after",
        "severity": "error",
        "text": "Expected newline after \\",\\" (selector-list-comma-newline-after)",
      },
      Object {
        "column": 30,
        "line": 1837,
        "rule": "selector-list-comma-newline-after",
        "severity": "error",
        "text": "Expected newline after \\",\\" (selector-list-comma-newline-after)",
      },
      Object {
        "column": 3,
        "line": 679,
        "rule": "shorthand-property-no-redundant-values",
        "severity": "error",
        "text": "Unexpected longhand value '0 0 10px 0' instead of '0 0 10px' (shorthand-property-no-redundant-values)",
      },
      Object {
        "column": 2,
        "line": 892,
        "rule": "shorthand-property-no-redundant-values",
        "severity": "error",
        "text": "Unexpected longhand value '20px 0 20px' instead of '20px 0' (shorthand-property-no-redundant-values)",
      },
      Object {
        "column": 2,
        "line": 1597,
        "rule": "shorthand-property-no-redundant-values",
        "severity": "error",
        "text": "Unexpected longhand value '10px 0 0 0' instead of '10px 0 0' (shorthand-property-no-redundant-values)",
      },
    ],
  },
]
`;
