// Jest Snapshot v1, https://goo.gl/fbAQLP

exports[`011 1`] = `
Array [
  Object {
    "deprecations": Array [],
    "errored": true,
    "ignored": undefined,
    "invalidOptionWarnings": Array [],
    "parseErrors": Array [],
    "source": "011/stylesheet.css",
    "warnings": Array [
      Object {
        "column": 1,
        "line": 14,
        "rule": "rule-empty-line-before",
        "severity": "error",
        "text": "Expected empty line before rule (rule-empty-line-before)",
      },
    ],
  },
]
`;
