// Jest Snapshot v1, https://goo.gl/fbAQLP

exports[`031 1`] = `
Array [
  Object {
    "deprecations": Array [],
    "errored": true,
    "ignored": undefined,
    "invalidOptionWarnings": Array [],
    "parseErrors": Array [],
    "source": "031/stylesheet.css",
    "warnings": Array [
      Object {
        "column": 1,
        "line": 43,
        "rule": "no-missing-end-of-source-newline",
        "severity": "error",
        "text": "Unexpected missing end-of-source newline (no-missing-end-of-source-newline)",
      },
      Object {
        "column": 1,
        "line": 11,
        "rule": "rule-empty-line-before",
        "severity": "error",
        "text": "Expected empty line before rule (rule-empty-line-before)",
      },
      Object {
        "column": 1,
        "line": 16,
        "rule": "rule-empty-line-before",
        "severity": "error",
        "text": "Expected empty line before rule (rule-empty-line-before)",
      },
      Object {
        "column": 1,
        "line": 20,
        "rule": "rule-empty-line-before",
        "severity": "error",
        "text": "Expected empty line before rule (rule-empty-line-before)",
      },
      Object {
        "column": 1,
        "line": 23,
        "rule": "rule-empty-line-before",
        "severity": "error",
        "text": "Expected empty line before rule (rule-empty-line-before)",
      },
      Object {
        "column": 1,
        "line": 26,
        "rule": "rule-empty-line-before",
        "severity": "error",
        "text": "Expected empty line before rule (rule-empty-line-before)",
      },
      Object {
        "column": 1,
        "line": 30,
        "rule": "rule-empty-line-before",
        "severity": "error",
        "text": "Expected empty line before rule (rule-empty-line-before)",
      },
      Object {
        "column": 1,
        "line": 40,
        "rule": "rule-empty-line-before",
        "severity": "error",
        "text": "Expected empty line before rule (rule-empty-line-before)",
      },
      Object {
        "column": 30,
        "line": 36,
        "rule": "selector-pseudo-class-no-unknown",
        "severity": "error",
        "text": "Unexpected unknown pseudo-class selector \\":first\\" (selector-pseudo-class-no-unknown)",
      },
    ],
  },
]
`;
