// Jest Snapshot v1, https://goo.gl/fbAQLP

exports[`flags warnings with invalid css snapshot matches warnings 1`] = `
Array [
  Object {
    "column": 7,
    "line": 2,
    "rule": "number-leading-zero",
    "severity": "error",
    "text": "Expected a leading zero (number-leading-zero)",
  },
]
`;
