// Jest Snapshot v1, https://goo.gl/fbAQLP

exports[`flags warnings with invalid properties css snapshot matches warnings 1`] = `
Array [
  Object {
    "column": 13,
    "line": 2,
    "rule": "color-hex-case",
    "severity": "error",
    "text": "Expected \\"#FFFFFF\\" to be \\"#ffffff\\" (color-hex-case)",
  },
  Object {
    "column": 13,
    "line": 2,
    "rule": "color-hex-length",
    "severity": "error",
    "text": "Expected \\"#FFFFFF\\" to be \\"#FFF\\" (color-hex-length)",
  },
  Object {
    "column": 2,
    "line": 5,
    "rule": "declaration-block-no-shorthand-property-overrides",
    "severity": "error",
    "text": "Unexpected shorthand \\"margin\\" after \\"margin-left\\" (declaration-block-no-shorthand-property-overrides)",
  },
  Object {
    "column": 13,
    "line": 2,
    "rule": "declaration-colon-space-after",
    "severity": "error",
    "text": "Expected single space after \\":\\" with a single-line declaration (declaration-colon-space-after)",
  },
  Object {
    "column": 2,
    "line": 6,
    "rule": "property-no-unknown",
    "severity": "error",
    "text": "Unexpected unknown property \\"argin\\" (property-no-unknown)",
  },
  Object {
    "column": 15,
    "line": 4,
    "rule": "unit-case",
    "severity": "error",
    "text": "Expected \\"PX\\" to be \\"px\\" (unit-case)",
  },
  Object {
    "column": 11,
    "line": 3,
    "rule": "value-keyword-case",
    "severity": "error",
    "text": "Expected \\"BLOCK\\" to be \\"block\\" (value-keyword-case)",
  },
]
`;
