// Jest Snapshot v1, https://goo.gl/fbAQLP

exports[`flags warnings with invalid scss snapshot matches warnings 1`] = `
Array [
  Object {
    "column": 1,
    "line": 1,
    "rule": "scss/at-rule-no-unknown",
    "severity": "error",
    "text": "Unexpected unknown at-rule \\"@unknown\\" (at-rule-no-unknown) (scss/at-rule-no-unknown)",
  },
  Object {
    "column": 2,
    "line": 12,
    "rule": "scss/at-if-closing-brace-space-after",
    "severity": "error",
    "text": "Expected single space after \\"}\\" of @if statement (scss/at-if-closing-brace-space-after)",
  },
  Object {
    "column": 1,
    "line": 14,
    "rule": "scss/at-else-empty-line-before",
    "severity": "error",
    "text": "Unxpected empty line before @else (scss/at-else-empty-line-before)",
  },
  Object {
    "column": 2,
    "line": 12,
    "rule": "scss/at-if-closing-brace-newline-after",
    "severity": "error",
    "text": "Unexpected newline after \\"}\\" of @if statement (scss/at-if-closing-brace-newline-after)",
  },
  Object {
    "column": 2,
    "line": 22,
    "rule": "at-rule-empty-line-before",
    "severity": "error",
    "text": "Unexpected empty line before at-rule (at-rule-empty-line-before)",
  },
  Object {
    "column": 5,
    "line": 14,
    "rule": "block-opening-brace-space-before",
    "severity": "error",
    "text": "Expected single space before \\"{\\" (block-opening-brace-space-before)",
  },
  Object {
    "column": 15,
    "line": 28,
    "rule": "no-extra-semicolons",
    "severity": "error",
    "text": "Unexpected extra semicolon (no-extra-semicolons)",
  },
  Object {
    "column": 7,
    "line": 31,
    "rule": "number-leading-zero",
    "severity": "error",
    "text": "Expected a leading zero (number-leading-zero)",
  },
]
`;
