// Jest Snapshot v1, https://goo.gl/fbAQLP

exports[`028 1`] = `
Array [
  Object {
    "deprecations": Array [],
    "errored": true,
    "ignored": undefined,
    "invalidOptionWarnings": Array [],
    "parseErrors": Array [],
    "source": "028/stylesheet.css",
    "warnings": Array [
      Object {
        "column": 1,
        "line": 57,
        "rule": "comment-empty-line-before",
        "severity": "error",
        "text": "Expected empty line before comment (comment-empty-line-before)",
      },
      Object {
        "column": 1,
        "line": 90,
        "rule": "comment-empty-line-before",
        "severity": "error",
        "text": "Expected empty line before comment (comment-empty-line-before)",
      },
      Object {
        "column": 1,
        "line": 519,
        "rule": "comment-empty-line-before",
        "severity": "error",
        "text": "Expected empty line before comment (comment-empty-line-before)",
      },
      Object {
        "column": 1,
        "line": 778,
        "rule": "comment-empty-line-before",
        "severity": "error",
        "text": "Expected empty line before comment (comment-empty-line-before)",
      },
      Object {
        "column": 1,
        "line": 812,
        "rule": "comment-empty-line-before",
        "severity": "error",
        "text": "Expected empty line before comment (comment-empty-line-before)",
      },
      Object {
        "column": 1,
        "line": 1089,
        "rule": "comment-empty-line-before",
        "severity": "error",
        "text": "Expected empty line before comment (comment-empty-line-before)",
      },
      Object {
        "column": 1,
        "line": 1096,
        "rule": "comment-empty-line-before",
        "severity": "error",
        "text": "Expected empty line before comment (comment-empty-line-before)",
      },
      Object {
        "column": 2,
        "line": 67,
        "rule": "rule-empty-line-before",
        "severity": "error",
        "text": "Expected empty line before rule (rule-empty-line-before)",
      },
      Object {
        "column": 2,
        "line": 73,
        "rule": "rule-empty-line-before",
        "severity": "error",
        "text": "Expected empty line before rule (rule-empty-line-before)",
      },
      Object {
        "column": 2,
        "line": 110,
        "rule": "rule-empty-line-before",
        "severity": "error",
        "text": "Expected empty line before rule (rule-empty-line-before)",
      },
      Object {
        "column": 2,
        "line": 116,
        "rule": "rule-empty-line-before",
        "severity": "error",
        "text": "Expected empty line before rule (rule-empty-line-before)",
      },
      Object {
        "column": 2,
        "line": 122,
        "rule": "rule-empty-line-before",
        "severity": "error",
        "text": "Expected empty line before rule (rule-empty-line-before)",
      },
      Object {
        "column": 2,
        "line": 127,
        "rule": "rule-empty-line-before",
        "severity": "error",
        "text": "Expected empty line before rule (rule-empty-line-before)",
      },
      Object {
        "column": 2,
        "line": 130,
        "rule": "rule-empty-line-before",
        "severity": "error",
        "text": "Expected empty line before rule (rule-empty-line-before)",
      },
      Object {
        "column": 2,
        "line": 136,
        "rule": "rule-empty-line-before",
        "severity": "error",
        "text": "Expected empty line before rule (rule-empty-line-before)",
      },
      Object {
        "column": 2,
        "line": 151,
        "rule": "rule-empty-line-before",
        "severity": "error",
        "text": "Expected empty line before rule (rule-empty-line-before)",
      },
      Object {
        "column": 2,
        "line": 157,
        "rule": "rule-empty-line-before",
        "severity": "error",
        "text": "Expected empty line before rule (rule-empty-line-before)",
      },
      Object {
        "column": 2,
        "line": 163,
        "rule": "rule-empty-line-before",
        "severity": "error",
        "text": "Expected empty line before rule (rule-empty-line-before)",
      },
      Object {
        "column": 2,
        "line": 205,
        "rule": "rule-empty-line-before",
        "severity": "error",
        "text": "Expected empty line before rule (rule-empty-line-before)",
      },
      Object {
        "column": 2,
        "line": 218,
        "rule": "rule-empty-line-before",
        "severity": "error",
        "text": "Expected empty line before rule (rule-empty-line-before)",
      },
      Object {
        "column": 2,
        "line": 222,
        "rule": "rule-empty-line-before",
        "severity": "error",
        "text": "Expected empty line before rule (rule-empty-line-before)",
      },
      Object {
        "column": 2,
        "line": 228,
        "rule": "rule-empty-line-before",
        "severity": "error",
        "text": "Expected empty line before rule (rule-empty-line-before)",
      },
      Object {
        "column": 2,
        "line": 233,
        "rule": "rule-empty-line-before",
        "severity": "error",
        "text": "Expected empty line before rule (rule-empty-line-before)",
      },
      Object {
        "column": 2,
        "line": 237,
        "rule": "rule-empty-line-before",
        "severity": "error",
        "text": "Expected empty line before rule (rule-empty-line-before)",
      },
      Object {
        "column": 2,
        "line": 243,
        "rule": "rule-empty-line-before",
        "severity": "error",
        "text": "Expected empty line before rule (rule-empty-line-before)",
      },
      Object {
        "column": 2,
        "line": 249,
        "rule": "rule-empty-line-before",
        "severity": "error",
        "text": "Expected empty line before rule (rule-empty-line-before)",
      },
      Object {
        "column": 2,
        "line": 252,
        "rule": "rule-empty-line-before",
        "severity": "error",
        "text": "Expected empty line before rule (rule-empty-line-before)",
      },
      Object {
        "column": 2,
        "line": 258,
        "rule": "rule-empty-line-before",
        "severity": "error",
        "text": "Expected empty line before rule (rule-empty-line-before)",
      },
      Object {
        "column": 2,
        "line": 263,
        "rule": "rule-empty-line-before",
        "severity": "error",
        "text": "Expected empty line before rule (rule-empty-line-before)",
      },
      Object {
        "column": 2,
        "line": 266,
        "rule": "rule-empty-line-before",
        "severity": "error",
        "text": "Expected empty line before rule (rule-empty-line-before)",
      },
      Object {
        "column": 2,
        "line": 273,
        "rule": "rule-empty-line-before",
        "severity": "error",
        "text": "Expected empty line before rule (rule-empty-line-before)",
      },
      Object {
        "column": 2,
        "line": 277,
        "rule": "rule-empty-line-before",
        "severity": "error",
        "text": "Expected empty line before rule (rule-empty-line-before)",
      },
      Object {
        "column": 2,
        "line": 288,
        "rule": "rule-empty-line-before",
        "severity": "error",
        "text": "Expected empty line before rule (rule-empty-line-before)",
      },
      Object {
        "column": 2,
        "line": 294,
        "rule": "rule-empty-line-before",
        "severity": "error",
        "text": "Expected empty line before rule (rule-empty-line-before)",
      },
      Object {
        "column": 2,
        "line": 376,
        "rule": "rule-empty-line-before",
        "severity": "error",
        "text": "Expected empty line before rule (rule-empty-line-before)",
      },
      Object {
        "column": 2,
        "line": 391,
        "rule": "rule-empty-line-before",
        "severity": "error",
        "text": "Expected empty line before rule (rule-empty-line-before)",
      },
      Object {
        "column": 2,
        "line": 402,
        "rule": "rule-empty-line-before",
        "severity": "error",
        "text": "Expected empty line before rule (rule-empty-line-before)",
      },
      Object {
        "column": 2,
        "line": 426,
        "rule": "rule-empty-line-before",
        "severity": "error",
        "text": "Expected empty line before rule (rule-empty-line-before)",
      },
      Object {
        "column": 2,
        "line": 440,
        "rule": "rule-empty-line-before",
        "severity": "error",
        "text": "Expected empty line before rule (rule-empty-line-before)",
      },
      Object {
        "column": 2,
        "line": 447,
        "rule": "rule-empty-line-before",
        "severity": "error",
        "text": "Expected empty line before rule (rule-empty-line-before)",
      },
      Object {
        "column": 2,
        "line": 452,
        "rule": "rule-empty-line-before",
        "severity": "error",
        "text": "Expected empty line before rule (rule-empty-line-before)",
      },
      Object {
        "column": 2,
        "line": 458,
        "rule": "rule-empty-line-before",
        "severity": "error",
        "text": "Expected empty line before rule (rule-empty-line-before)",
      },
      Object {
        "column": 2,
        "line": 476,
        "rule": "rule-empty-line-before",
        "severity": "error",
        "text": "Expected empty line before rule (rule-empty-line-before)",
      },
      Object {
        "column": 2,
        "line": 496,
        "rule": "rule-empty-line-before",
        "severity": "error",
        "text": "Expected empty line before rule (rule-empty-line-before)",
      },
      Object {
        "column": 2,
        "line": 503,
        "rule": "rule-empty-line-before",
        "severity": "error",
        "text": "Expected empty line before rule (rule-empty-line-before)",
      },
      Object {
        "column": 2,
        "line": 529,
        "rule": "rule-empty-line-before",
        "severity": "error",
        "text": "Expected empty line before rule (rule-empty-line-before)",
      },
      Object {
        "column": 2,
        "line": 555,
        "rule": "rule-empty-line-before",
        "severity": "error",
        "text": "Expected empty line before rule (rule-empty-line-before)",
      },
      Object {
        "column": 2,
        "line": 558,
        "rule": "rule-empty-line-before",
        "severity": "error",
        "text": "Expected empty line before rule (rule-empty-line-before)",
      },
      Object {
        "column": 2,
        "line": 604,
        "rule": "rule-empty-line-before",
        "severity": "error",
        "text": "Expected empty line before rule (rule-empty-line-before)",
      },
      Object {
        "column": 2,
        "line": 609,
        "rule": "rule-empty-line-before",
        "severity": "error",
        "text": "Expected empty line before rule (rule-empty-line-before)",
      },
      Object {
        "column": 2,
        "line": 612,
        "rule": "rule-empty-line-before",
        "severity": "error",
        "text": "Expected empty line before rule (rule-empty-line-before)",
      },
      Object {
        "column": 2,
        "line": 616,
        "rule": "rule-empty-line-before",
        "severity": "error",
        "text": "Expected empty line before rule (rule-empty-line-before)",
      },
      Object {
        "column": 2,
        "line": 665,
        "rule": "rule-empty-line-before",
        "severity": "error",
        "text": "Expected empty line before rule (rule-empty-line-before)",
      },
      Object {
        "column": 2,
        "line": 702,
        "rule": "rule-empty-line-before",
        "severity": "error",
        "text": "Expected empty line before rule (rule-empty-line-before)",
      },
      Object {
        "column": 2,
        "line": 764,
        "rule": "rule-empty-line-before",
        "severity": "error",
        "text": "Expected empty line before rule (rule-empty-line-before)",
      },
      Object {
        "column": 2,
        "line": 768,
        "rule": "rule-empty-line-before",
        "severity": "error",
        "text": "Expected empty line before rule (rule-empty-line-before)",
      },
      Object {
        "column": 2,
        "line": 791,
        "rule": "rule-empty-line-before",
        "severity": "error",
        "text": "Expected empty line before rule (rule-empty-line-before)",
      },
      Object {
        "column": 2,
        "line": 799,
        "rule": "rule-empty-line-before",
        "severity": "error",
        "text": "Expected empty line before rule (rule-empty-line-before)",
      },
      Object {
        "column": 2,
        "line": 802,
        "rule": "rule-empty-line-before",
        "severity": "error",
        "text": "Expected empty line before rule (rule-empty-line-before)",
      },
      Object {
        "column": 2,
        "line": 832,
        "rule": "rule-empty-line-before",
        "severity": "error",
        "text": "Expected empty line before rule (rule-empty-line-before)",
      },
      Object {
        "column": 2,
        "line": 851,
        "rule": "rule-empty-line-before",
        "severity": "error",
        "text": "Expected empty line before rule (rule-empty-line-before)",
      },
      Object {
        "column": 2,
        "line": 858,
        "rule": "rule-empty-line-before",
        "severity": "error",
        "text": "Expected empty line before rule (rule-empty-line-before)",
      },
      Object {
        "column": 2,
        "line": 867,
        "rule": "rule-empty-line-before",
        "severity": "error",
        "text": "Expected empty line before rule (rule-empty-line-before)",
      },
      Object {
        "column": 2,
        "line": 875,
        "rule": "rule-empty-line-before",
        "severity": "error",
        "text": "Expected empty line before rule (rule-empty-line-before)",
      },
      Object {
        "column": 2,
        "line": 879,
        "rule": "rule-empty-line-before",
        "severity": "error",
        "text": "Expected empty line before rule (rule-empty-line-before)",
      },
      Object {
        "column": 2,
        "line": 883,
        "rule": "rule-empty-line-before",
        "severity": "error",
        "text": "Expected empty line before rule (rule-empty-line-before)",
      },
      Object {
        "column": 2,
        "line": 897,
        "rule": "rule-empty-line-before",
        "severity": "error",
        "text": "Expected empty line before rule (rule-empty-line-before)",
      },
      Object {
        "column": 2,
        "line": 903,
        "rule": "rule-empty-line-before",
        "severity": "error",
        "text": "Expected empty line before rule (rule-empty-line-before)",
      },
      Object {
        "column": 2,
        "line": 907,
        "rule": "rule-empty-line-before",
        "severity": "error",
        "text": "Expected empty line before rule (rule-empty-line-before)",
      },
      Object {
        "column": 2,
        "line": 911,
        "rule": "rule-empty-line-before",
        "severity": "error",
        "text": "Expected empty line before rule (rule-empty-line-before)",
      },
      Object {
        "column": 2,
        "line": 914,
        "rule": "rule-empty-line-before",
        "severity": "error",
        "text": "Expected empty line before rule (rule-empty-line-before)",
      },
      Object {
        "column": 2,
        "line": 918,
        "rule": "rule-empty-line-before",
        "severity": "error",
        "text": "Expected empty line before rule (rule-empty-line-before)",
      },
      Object {
        "column": 2,
        "line": 921,
        "rule": "rule-empty-line-before",
        "severity": "error",
        "text": "Expected empty line before rule (rule-empty-line-before)",
      },
      Object {
        "column": 2,
        "line": 924,
        "rule": "rule-empty-line-before",
        "severity": "error",
        "text": "Expected empty line before rule (rule-empty-line-before)",
      },
      Object {
        "column": 2,
        "line": 940,
        "rule": "rule-empty-line-before",
        "severity": "error",
        "text": "Expected empty line before rule (rule-empty-line-before)",
      },
      Object {
        "column": 2,
        "line": 950,
        "rule": "rule-empty-line-before",
        "severity": "error",
        "text": "Expected empty line before rule (rule-empty-line-before)",
      },
      Object {
        "column": 2,
        "line": 967,
        "rule": "rule-empty-line-before",
        "severity": "error",
        "text": "Expected empty line before rule (rule-empty-line-before)",
      },
      Object {
        "column": 2,
        "line": 974,
        "rule": "rule-empty-line-before",
        "severity": "error",
        "text": "Expected empty line before rule (rule-empty-line-before)",
      },
      Object {
        "column": 2,
        "line": 978,
        "rule": "rule-empty-line-before",
        "severity": "error",
        "text": "Expected empty line before rule (rule-empty-line-before)",
      },
      Object {
        "column": 2,
        "line": 981,
        "rule": "rule-empty-line-before",
        "severity": "error",
        "text": "Expected empty line before rule (rule-empty-line-before)",
      },
      Object {
        "column": 2,
        "line": 985,
        "rule": "rule-empty-line-before",
        "severity": "error",
        "text": "Expected empty line before rule (rule-empty-line-before)",
      },
      Object {
        "column": 2,
        "line": 990,
        "rule": "rule-empty-line-before",
        "severity": "error",
        "text": "Expected empty line before rule (rule-empty-line-before)",
      },
      Object {
        "column": 2,
        "line": 1003,
        "rule": "rule-empty-line-before",
        "severity": "error",
        "text": "Expected empty line before rule (rule-empty-line-before)",
      },
      Object {
        "column": 2,
        "line": 1009,
        "rule": "rule-empty-line-before",
        "severity": "error",
        "text": "Expected empty line before rule (rule-empty-line-before)",
      },
      Object {
        "column": 2,
        "line": 1012,
        "rule": "rule-empty-line-before",
        "severity": "error",
        "text": "Expected empty line before rule (rule-empty-line-before)",
      },
      Object {
        "column": 2,
        "line": 1015,
        "rule": "rule-empty-line-before",
        "severity": "error",
        "text": "Expected empty line before rule (rule-empty-line-before)",
      },
      Object {
        "column": 2,
        "line": 1055,
        "rule": "rule-empty-line-before",
        "severity": "error",
        "text": "Expected empty line before rule (rule-empty-line-before)",
      },
      Object {
        "column": 2,
        "line": 1059,
        "rule": "rule-empty-line-before",
        "severity": "error",
        "text": "Expected empty line before rule (rule-empty-line-before)",
      },
      Object {
        "column": 2,
        "line": 1062,
        "rule": "rule-empty-line-before",
        "severity": "error",
        "text": "Expected empty line before rule (rule-empty-line-before)",
      },
      Object {
        "column": 2,
        "line": 1066,
        "rule": "rule-empty-line-before",
        "severity": "error",
        "text": "Expected empty line before rule (rule-empty-line-before)",
      },
      Object {
        "column": 2,
        "line": 1070,
        "rule": "rule-empty-line-before",
        "severity": "error",
        "text": "Expected empty line before rule (rule-empty-line-before)",
      },
      Object {
        "column": 2,
        "line": 1076,
        "rule": "rule-empty-line-before",
        "severity": "error",
        "text": "Expected empty line before rule (rule-empty-line-before)",
      },
      Object {
        "column": 2,
        "line": 1079,
        "rule": "rule-empty-line-before",
        "severity": "error",
        "text": "Expected empty line before rule (rule-empty-line-before)",
      },
      Object {
        "column": 2,
        "line": 1170,
        "rule": "rule-empty-line-before",
        "severity": "error",
        "text": "Expected empty line before rule (rule-empty-line-before)",
      },
      Object {
        "column": 2,
        "line": 1189,
        "rule": "rule-empty-line-before",
        "severity": "error",
        "text": "Expected empty line before rule (rule-empty-line-before)",
      },
      Object {
        "column": 2,
        "line": 1201,
        "rule": "rule-empty-line-before",
        "severity": "error",
        "text": "Expected empty line before rule (rule-empty-line-before)",
      },
      Object {
        "column": 2,
        "line": 1205,
        "rule": "rule-empty-line-before",
        "severity": "error",
        "text": "Expected empty line before rule (rule-empty-line-before)",
      },
      Object {
        "column": 2,
        "line": 1220,
        "rule": "rule-empty-line-before",
        "severity": "error",
        "text": "Expected empty line before rule (rule-empty-line-before)",
      },
      Object {
        "column": 2,
        "line": 1234,
        "rule": "rule-empty-line-before",
        "severity": "error",
        "text": "Expected empty line before rule (rule-empty-line-before)",
      },
      Object {
        "column": 2,
        "line": 1248,
        "rule": "rule-empty-line-before",
        "severity": "error",
        "text": "Expected empty line before rule (rule-empty-line-before)",
      },
      Object {
        "column": 2,
        "line": 1280,
        "rule": "rule-empty-line-before",
        "severity": "error",
        "text": "Expected empty line before rule (rule-empty-line-before)",
      },
      Object {
        "column": 2,
        "line": 1284,
        "rule": "rule-empty-line-before",
        "severity": "error",
        "text": "Expected empty line before rule (rule-empty-line-before)",
      },
      Object {
        "column": 2,
        "line": 1291,
        "rule": "rule-empty-line-before",
        "severity": "error",
        "text": "Expected empty line before rule (rule-empty-line-before)",
      },
      Object {
        "column": 2,
        "line": 1295,
        "rule": "rule-empty-line-before",
        "severity": "error",
        "text": "Expected empty line before rule (rule-empty-line-before)",
      },
      Object {
        "column": 2,
        "line": 1312,
        "rule": "rule-empty-line-before",
        "severity": "error",
        "text": "Expected empty line before rule (rule-empty-line-before)",
      },
      Object {
        "column": 2,
        "line": 1412,
        "rule": "rule-empty-line-before",
        "severity": "error",
        "text": "Expected empty line before rule (rule-empty-line-before)",
      },
      Object {
        "column": 2,
        "line": 1453,
        "rule": "rule-empty-line-before",
        "severity": "error",
        "text": "Expected empty line before rule (rule-empty-line-before)",
      },
      Object {
        "column": 2,
        "line": 1500,
        "rule": "rule-empty-line-before",
        "severity": "error",
        "text": "Expected empty line before rule (rule-empty-line-before)",
      },
      Object {
        "column": 2,
        "line": 1504,
        "rule": "rule-empty-line-before",
        "severity": "error",
        "text": "Expected empty line before rule (rule-empty-line-before)",
      },
      Object {
        "column": 2,
        "line": 1520,
        "rule": "rule-empty-line-before",
        "severity": "error",
        "text": "Expected empty line before rule (rule-empty-line-before)",
      },
      Object {
        "column": 2,
        "line": 1566,
        "rule": "rule-empty-line-before",
        "severity": "error",
        "text": "Expected empty line before rule (rule-empty-line-before)",
      },
      Object {
        "column": 2,
        "line": 1694,
        "rule": "rule-empty-line-before",
        "severity": "error",
        "text": "Expected empty line before rule (rule-empty-line-before)",
      },
      Object {
        "column": 2,
        "line": 1775,
        "rule": "rule-empty-line-before",
        "severity": "error",
        "text": "Expected empty line before rule (rule-empty-line-before)",
      },
      Object {
        "column": 2,
        "line": 1821,
        "rule": "rule-empty-line-before",
        "severity": "error",
        "text": "Expected empty line before rule (rule-empty-line-before)",
      },
      Object {
        "column": 2,
        "line": 1829,
        "rule": "rule-empty-line-before",
        "severity": "error",
        "text": "Expected empty line before rule (rule-empty-line-before)",
      },
      Object {
        "column": 2,
        "line": 1835,
        "rule": "rule-empty-line-before",
        "severity": "error",
        "text": "Expected empty line before rule (rule-empty-line-before)",
      },
      Object {
        "column": 2,
        "line": 1849,
        "rule": "rule-empty-line-before",
        "severity": "error",
        "text": "Expected empty line before rule (rule-empty-line-before)",
      },
      Object {
        "column": 2,
        "line": 1854,
        "rule": "rule-empty-line-before",
        "severity": "error",
        "text": "Expected empty line before rule (rule-empty-line-before)",
      },
      Object {
        "column": 2,
        "line": 1888,
        "rule": "rule-empty-line-before",
        "severity": "error",
        "text": "Expected empty line before rule (rule-empty-line-before)",
      },
      Object {
        "column": 47,
        "line": 127,
        "rule": "selector-list-comma-newline-after",
        "severity": "error",
        "text": "Expected newline after \\",\\" (selector-list-comma-newline-after)",
      },
      Object {
        "column": 43,
        "line": 130,
        "rule": "selector-list-comma-newline-after",
        "severity": "error",
        "text": "Expected newline after \\",\\" (selector-list-comma-newline-after)",
      },
      Object {
        "column": 37,
        "line": 151,
        "rule": "selector-list-comma-newline-after",
        "severity": "error",
        "text": "Expected newline after \\",\\" (selector-list-comma-newline-after)",
      },
      Object {
        "column": 41,
        "line": 356,
        "rule": "selector-list-comma-newline-after",
        "severity": "error",
        "text": "Expected newline after \\",\\" (selector-list-comma-newline-after)",
      },
      Object {
        "column": 44,
        "line": 361,
        "rule": "selector-list-comma-newline-after",
        "severity": "error",
        "text": "Expected newline after \\",\\" (selector-list-comma-newline-after)",
      },
      Object {
        "column": 46,
        "line": 677,
        "rule": "selector-list-comma-newline-after",
        "severity": "error",
        "text": "Expected newline after \\",\\" (selector-list-comma-newline-after)",
      },
      Object {
        "column": 48,
        "line": 682,
        "rule": "selector-list-comma-newline-after",
        "severity": "error",
        "text": "Expected newline after \\",\\" (selector-list-comma-newline-after)",
      },
      Object {
        "column": 80,
        "line": 754,
        "rule": "selector-list-comma-newline-after",
        "severity": "error",
        "text": "Expected newline after \\",\\" (selector-list-comma-newline-after)",
      },
      Object {
        "column": 61,
        "line": 1617,
        "rule": "selector-list-comma-newline-after",
        "severity": "error",
        "text": "Expected newline after \\",\\" (selector-list-comma-newline-after)",
      },
      Object {
        "column": 30,
        "line": 1660,
        "rule": "selector-list-comma-newline-after",
        "severity": "error",
        "text": "Expected newline after \\",\\" (selector-list-comma-newline-after)",
      },
      Object {
        "column": 3,
        "line": 506,
        "rule": "shorthand-property-no-redundant-values",
        "severity": "error",
        "text": "Unexpected longhand value '0 0 10px 0' instead of '0 0 10px' (shorthand-property-no-redundant-values)",
      },
      Object {
        "column": 2,
        "line": 1467,
        "rule": "shorthand-property-no-redundant-values",
        "severity": "error",
        "text": "Unexpected longhand value '10px 0 0 0' instead of '10px 0 0' (shorthand-property-no-redundant-values)",
      },
    ],
  },
]
`;
