// Jest Snapshot v1, https://goo.gl/fbAQLP

exports[`046 1`] = `
Array [
  Object {
    "deprecations": Array [],
    "errored": true,
    "ignored": undefined,
    "invalidOptionWarnings": Array [],
    "parseErrors": Array [],
    "source": "046/stylesheet.css",
    "warnings": Array [
      Object {
        "column": 42,
        "line": 123,
        "rule": "comment-empty-line-before",
        "severity": "error",
        "text": "Expected empty line before comment (comment-empty-line-before)",
      },
      Object {
        "column": 38,
        "line": 178,
        "rule": "comment-empty-line-before",
        "severity": "error",
        "text": "Expected empty line before comment (comment-empty-line-before)",
      },
    ],
  },
]
`;
