// Jest Snapshot v1, https://goo.gl/fbAQLP

exports[`014 1`] = `
Array [
  Object {
    "deprecations": Array [],
    "errored": undefined,
    "ignored": undefined,
    "invalidOptionWarnings": Array [],
    "parseErrors": Array [],
    "source": "014/stylesheet.css",
    "warnings": Array [],
  },
]
`;
