// Jest Snapshot v1, https://goo.gl/fbAQLP

exports[`010 1`] = `
Array [
  Object {
    "deprecations": Array [],
    "errored": undefined,
    "ignored": undefined,
    "invalidOptionWarnings": Array [],
    "parseErrors": Array [],
    "source": "010/stylesheet.css",
    "warnings": Array [],
  },
]
`;
